// Jest Snapshot v1, https://goo.gl/fbAQLP

exports[`Pruebas en PrimeraApp debe mostrar <PrimeraAPP /> correctamente 1`] = `
<Fragment>
  <h1>
    Hola, mi nombre es Goku
  </h1>
  <p>
    Subtitulo
  </p>
</Fragment>
`;
