// Jest Snapshot v1, https://goo.gl/fbAQLP

exports[`Tests in <AddCategory /> should match with snapshot 1`] = `
<div>
  <form
    aria-label="form"
  >
    <input
      placeholder="Search gifs"
      type="text"
      value=""
    />
  </form>
</div>
`;
