// Jest Snapshot v1, https://goo.gl/fbAQLP

exports[`Test in <HookApp /> should display the component 1`] = `
<div>
  <h1>
    Hola mundo
  </h1>
</div>
`;
